<html>
<body>
<pre>
<h1>µVision Build Log</h1>
<h2>Tool Versions:</h2>
IDE-Version: µVision V5.40.0.0
Copyright (C) 2024 ARM Ltd and ARM Germany GmbH. All rights reserved.
License Information: jarno bostyn, VIVES, LIC=----
 
Tool Versions:
Toolchain:       MDK-Lite  Version: 5.40.0.3
Toolchain Path:  C:\Users\jarno\AppData\Local\Keil_v5\ARM\ARMCLANG\Bin
C Compiler:      ArmClang.exe V6.22
Assembler:       Armasm.exe V6.22
Linker/Locator:  ArmLink.exe V6.22
Library Manager: ArmAr.exe V6.22
Hex Converter:   FromElf.exe V6.22
CPU DLL:         SARMCM3.DLL V5.40.0.3
Dialog DLL:      DCM.DLL V1.17.5.0
Target DLL:      STLink\ST-LINKIII-KEIL_SWO.dll V3.3.0.0
Dialog DLL:      TCM.DLL V1.56.4.0
 
<h2>Project:</h2>
C:\Users\jarno\OneDrive - Hogeschool VIVES\Documenten\2de bachelor\2de semester\Game Tech\GameTech\Opdracht1GameTech\MDK-ARM\Opdracht1GameTech.uvprojx
Project File Date:  02/13/2026

<h2>Output:</h2>
*** Using Compiler 'V6.22', folder: 'C:\Users\jarno\AppData\Local\Keil_v5\ARM\ARMCLANG\Bin'
Rebuild target 'Opdracht1GameTech'
compiling stm32l4xx_hal_flash_ramfunc.c...
compiling stm32l4xx_hal_gpio.c...
assembling startup_stm32l432xx.s...
compiling stm32l4xx_hal_i2c.c...
compiling stm32l4xx_hal_msp.c...
compiling stm32l4xx_hal_i2c_ex.c...
compiling stm32l4xx_it.c...
compiling stm32l4xx_hal.c...
compiling main.c...
compiling stm32l4xx_hal_rcc_ex.c...
compiling stm32l4xx_hal_flash.c...
compiling stm32l4xx_hal_dma_ex.c...
compiling stm32l4xx_hal_flash_ex.c...
compiling stm32l4xx_hal_dma.c...
compiling stm32l4xx_hal_rcc.c...
compiling stm32l4xx_hal_pwr.c...
compiling system_stm32l4xx.c...
compiling stm32l4xx_hal_exti.c...
compiling stm32l4xx_hal_tim_ex.c...
compiling stm32l4xx_hal_pwr_ex.c...
compiling stm32l4xx_hal_cortex.c...
compiling rc5_encode.c...
compiling stm32l4xx_hal_tim.c...
linking...
Program Size: Code=10150 RO-data=494 RW-data=20 ZI-data=1964  
FromELF: creating hex file...
"Opdracht1GameTech\Opdracht1GameTech.axf" - 0 Error(s), 0 Warning(s).

<h2>Software Packages used:</h2>

Package Vendor: ARM
                https://www.keil.com/pack/ARM.CMSIS.6.3.0.pack
                ARM::CMSIS@6.3.0
                CMSIS (Common Microcontroller Software Interface Standard)
   * Component: CORE Version: 6.2.0

Package Vendor: Keil
                https://www.keil.com/pack/Keil.STM32L4xx_DFP.3.0.0.pack
                Keil::STM32L4xx_DFP@3.0.0
                STMicroelectronics STM32L4 Series Device Support

<h2>Collection of Component include folders:</h2>
  ./RTE/_Opdracht1GameTech
  C:/Users/jarno/AppData/Local/Arm/Packs/ARM/CMSIS/6.3.0/CMSIS/Core/Include

<h2>Collection of Component Files used:</h2>

   * Component: ARM::CMSIS:CORE@6.2.0
      Include file:  CMSIS/Core/Include/tz_context.h
Build Time Elapsed:  00:00:02
</pre>
</body>
</html>
